// Jest Snapshot v1, https://goo.gl/fbAQLP

exports[`Header component renders without crashing 1`] = `
<h1
  className="f2"
>
  Robofriends
</h1>
`;
