// Jest Snapshot v1, https://goo.gl/fbAQLP

exports[`Scroll component renders without crashing 1`] = `
<div
  style={
    Object {
      "border": "1px solid black",
      "height": "500px",
      "overflowY": "scroll",
    }
  }
/>
`;
